// Jest Snapshot v1, https://goo.gl/fbAQLP

exports[`WelcomeScreen has proper container structure 1`] = `
<View
  style={
    {
      "backgroundColor": "#F4F2F1",
      "flex": 1,
    }
  }
>
  <View
    style={
      {
        "flexBasis": "57%",
        "flexGrow": 1,
        "flexShrink": 1,
        "justifyContent": "center",
        "paddingHorizontal": 24,
      }
    }
  >
    <RCTImageView
      accessibilityState={
        {
          "busy": undefined,
          "checked": undefined,
          "disabled": undefined,
          "expanded": undefined,
          "selected": undefined,
        }
      }
      internal_analyticTag={null}
      resizeMode="contain"
      source={
        [
          {
            "__packager_asset": true,
            "height": 1,
            "scale": 1,
            "uri": "file://assets/full/path/to/directory/name.type",
            "width": 1,
          },
        ]
      }
      style={
        {
          "height": 88,
          "marginBottom": 48,
          "overflow": "hidden",
          "width": "100%",
        }
      }
    />
    <Text
      preset="heading"
      style={
        [
          {},
          [
            [
              {
                "fontSize": 16,
                "lineHeight": 24,
              },
              {
                "fontFamily": "spaceGroteskRegular",
              },
              {
                "color": "#191015",
              },
            ],
            {
              "fontSize": 36,
              "lineHeight": 44,
            },
            {
              "fontFamily": "spaceGroteskBold",
            },
          ],
          undefined,
          undefined,
          {
            "marginBottom": 16,
          },
        ]
      }
      testID="welcome-heading"
    >
      welcomeScreen.readyForLaunch undefined
    </Text>
    <Text
      preset="subheading"
      style={
        [
          {},
          [
            [
              {
                "fontSize": 16,
                "lineHeight": 24,
              },
              {
                "fontFamily": "spaceGroteskRegular",
              },
              {
                "color": "#191015",
              },
            ],
            {
              "fontSize": 20,
              "lineHeight": 32,
            },
            {
              "fontFamily": "spaceGroteskMedium",
            },
          ],
          undefined,
          undefined,
          undefined,
        ]
      }
    >
      welcomeScreen.exciting undefined
    </Text>
    <RCTImageView
      accessibilityState={
        {
          "busy": undefined,
          "checked": undefined,
          "disabled": undefined,
          "expanded": undefined,
          "selected": undefined,
        }
      }
      internal_analyticTag={null}
      resizeMode="contain"
      source={
        [
          {
            "__packager_asset": true,
            "height": 1,
            "scale": 1,
            "uri": "file://assets/full/path/to/directory/name.type",
            "width": 1,
          },
        ]
      }
      style={
        {
          "bottom": -47,
          "height": 169,
          "overflow": "hidden",
          "position": "absolute",
          "right": -80,
          "transform": [
            {
              "scaleX": 1,
            },
          ],
          "width": 269,
        }
      }
    />
  </View>
  <View
    style={
      [
        {
          "backgroundColor": "#FFFFFF",
          "borderTopLeftRadius": 16,
          "borderTopRightRadius": 16,
          "flexBasis": "43%",
          "flexGrow": 0,
          "flexShrink": 1,
          "justifyContent": "space-around",
          "paddingHorizontal": 24,
        },
        {},
      ]
    }
  >
    <Text
      style={
        [
          {},
          [
            {
              "fontSize": 16,
              "lineHeight": 24,
            },
            {
              "fontFamily": "spaceGroteskRegular",
            },
            {
              "color": "#191015",
            },
          ],
          undefined,
          {
            "fontSize": 18,
            "lineHeight": 26,
          },
          undefined,
        ]
      }
    >
      welcomeScreen.postscript undefined
    </Text>
  </View>
</View>
`;
